// Jest Snapshot v1, https://goo.gl/fbAQLP

exports[`DEFAULT_PRELOAD_DATA_VARIABLES should match snapshot 1`] = `
{
  "--dh-color-accent-bg": "#3b6bda",
  "--dh-color-accent-contrast": "#fcfcfa",
  "--dh-color-accent-down-bg": "#254ba4",
  "--dh-color-accent-hover-bg": "#2f5bc0",
  "--dh-color-accent-key-focus-bg": "#2f5bc0",
  "--dh-color-bg": "#1a171a",
  "--dh-color-fg": "#f0f0ee",
  "--dh-color-input-bg": "#5b5a5c",
  "--dh-color-input-border": "#929192",
  "--dh-color-input-disabled-bg": "#373438",
  "--dh-color-input-fg": "#f0f0ee",
  "--dh-color-input-focus-border": "#3b6bdad9",
  "--dh-color-input-placeholder": "#929192",
  "--dh-color-loading-spinner-primary": "#3b6bda",
  "--dh-color-loading-spinner-secondary": "#f0f0ee80",
  "--dh-color-login-footer-fg": "#c0bfbf",
  "--dh-color-login-form-bg": "#403e41",
  "--dh-color-login-logo-bg": "#fcfcfa",
  "--dh-color-login-status-message": "#929192",
  "--dh-color-negative-bg": "#c73f61",
  "--dh-color-random-area-plot-animation-bg": "#211f22",
  "--dh-color-random-area-plot-animation-fg-fill": "#3b6bda14",
  "--dh-color-random-area-plot-animation-fg-stroke": "#3b6bda33",
  "--dh-color-random-area-plot-animation-grid": "#373438",
}
`;

exports[`SVG_ICON_MANUAL_COLOR_MAP should match snapshot 1`] = `
{
  "--dh-svg-icon-error": "--dh-color-form-control-error",
  "--dh-svg-icon-select-indicator": "--dh-color-selector-fg",
  "--dh-svg-icon-select-indicator-disabled": "--dh-color-selector-disabled-fg",
  "--dh-svg-icon-select-indicator-hover": "--dh-color-selector-hover-fg",
}
`;
