// Jest Snapshot v1, https://goo.gl/fbAQLP

exports[`handles the context menu event on the parent, renders an array of menu items 1`] = `
<div>
  <div
    className="context-menu-root"
  />
</div>
`;

exports[`renders a menu from a promise returned from a function 1`] = `
<div>
  <div
    className="context-menu-root active"
  >
    <div
      className="context-menu-container"
      data-dh-context-menu={true}
      onBlur={[Function]}
      onContextMenu={[Function]}
      onKeyDown={[Function]}
      onMouseLeave={[Function]}
      role="menuitem"
      style={
        Object {
          "left": NaN,
          "top": NaN,
        }
      }
      tabIndex="0"
    >
      <div
        className="loading"
      >
        <div
          className="loading-spinner fa-layers"
        >
          <svg
            aria-hidden="true"
            className="svg-inline--fa fa-circle-large-outline fa-w-16 text-white-50"
            data-icon="circle-large-outline"
            data-prefix="vs"
            focusable="false"
            role="img"
            style={Object {}}
            viewBox="0 0 512 512"
            xmlns="http://www.w3.org/2000/svg"
          >
            <path
              d="M306.816 70.88A185.856 185.856 0 0 0 256 64c-17.728 0 -34.624 2.336 -50.816 6.88l-0.192 0.064c-16.448 4.512 -31.68 10.944 -45.824 19.232A196.992 196.992 0 0 0 90.24 159.36l-0.064 0.128A190.944 190.944 0 0 0 70.72 205.12 191.552 191.552 0 0 0 64 256c0 17.76 2.24 34.72 6.72 50.912a193.6 193.6 0 0 0 49.536 84.832c11.84 11.68 24.768 21.664 38.912 30.08a195.2 195.2 0 0 0 45.92 19.488A192.64 192.64 0 0 0 256 448c17.76 0 34.72 -2.24 50.912 -6.72 16.48 -4.64 31.68 -11.136 45.632 -19.424l0.128 -0.064a197.12 197.12 0 0 0 69.152 -68.96 187.2 187.2 0 0 0 19.2 -45.824l0.096 -0.192A185.824 185.824 0 0 0 448 256c0 -17.728 -2.304 -34.624 -6.88 -50.816l-0.064 -0.192a184.704 184.704 0 0 0 -19.2 -45.536l-0.064 -0.128a188.8 188.8 0 0 0 -30.144 -38.72l-0.256 -0.256a188.864 188.864 0 0 0 -38.72 -30.144l-0.128 -0.064a184.704 184.704 0 0 0 -45.536 -19.2l-0.192 -0.064zm142.56 298.24a229.024 229.024 0 0 1 -80.512 80.256 222.912 222.912 0 0 1 -53.376 22.72A223.488 223.488 0 0 1 256 480a223.488 223.488 0 0 1 -59.52 -7.872 227.136 227.136 0 0 1 -53.568 -22.752 233.6 233.6 0 0 1 -45.28 -35.008 233.44 233.44 0 0 1 -35.008 -45.28 227.136 227.136 0 0 1 -22.72 -53.6A223.52 223.52 0 0 1 32 256c0 -20.576 2.624 -40.384 7.872 -59.52a222.976 222.976 0 0 1 22.752 -53.344 228.992 228.992 0 0 1 80.288 -80.512 220.64 220.64 0 0 1 53.6 -22.528A217.856 217.856 0 0 1 256 32a217.6 217.6 0 0 1 59.52 8.096 220.768 220.768 0 0 1 98.656 57.76 220.896 220.896 0 0 1 57.728 98.656C477.312 215.616 480 235.424 480 256s-2.688 40.384 -8.096 59.52a220.8 220.8 0 0 1 -22.528 53.568z"
              fill="currentColor"
              style={Object {}}
            />
          </svg>
          <svg
            aria-hidden="true"
            className="svg-inline--fa fa-loading fa-w-16 fa-spin text-primary"
            data-icon="loading"
            data-prefix="vs"
            focusable="false"
            role="img"
            style={Object {}}
            viewBox="0 0 512 512"
            xmlns="http://www.w3.org/2000/svg"
          >
            <path
              d="M445.344 224A192.064 192.064 0 0 0 66.656 224H34.272a224.064 224.064 0 0 1 443.456 0h-32.384z"
              fill="currentColor"
              style={Object {}}
            />
          </svg>
        </div>
      </div>
    </div>
  </div>
</div>
`;

exports[`renders a promise returning menu items properly 1`] = `
<div>
  <div
    className="context-menu-root active"
  >
    <div
      className="context-menu-container"
      data-dh-context-menu={true}
      onBlur={[Function]}
      onContextMenu={[Function]}
      onKeyDown={[Function]}
      onMouseLeave={[Function]}
      role="menuitem"
      style={
        Object {
          "left": NaN,
          "top": NaN,
        }
      }
      tabIndex="0"
    >
      <div
        className="context-menu-item"
      >
        <button
          className="btn-context-menu"
          onClick={[Function]}
          onContextMenu={[Function]}
          onMouseMove={[Function]}
          title=""
          type="button"
        >
          <div
            className="btn-context-menu-wrapper"
          >
            <span
              className="icon"
            />
            <span
              className="title"
            >
              Test1
            </span>
          </div>
        </button>
      </div>
      <div
        className="context-menu-item"
      >
        <button
          className="btn-context-menu"
          onClick={[Function]}
          onContextMenu={[Function]}
          onMouseMove={[Function]}
          title=""
          type="button"
        >
          <div
            className="btn-context-menu-wrapper"
          >
            <span
              className="icon"
            />
            <span
              className="title"
            >
              Test2
            </span>
          </div>
        </button>
      </div>
      <div
        className="context-menu-item"
      >
        <button
          className="btn-context-menu"
          onClick={[Function]}
          onContextMenu={[Function]}
          onMouseMove={[Function]}
          title=""
          type="button"
        >
          <div
            className="btn-context-menu-wrapper"
          >
            <span
              className="icon"
            />
            <span
              className="title"
            >
              Test3
            </span>
          </div>
        </button>
      </div>
    </div>
  </div>
</div>
`;

exports[`renders an empty menu for a rejected promise 1`] = `
<div>
  <div
    className="context-menu-root active"
  >
    <div
      className="context-menu-container"
      data-dh-context-menu={true}
      onBlur={[Function]}
      onContextMenu={[Function]}
      onKeyDown={[Function]}
      onMouseLeave={[Function]}
      role="menuitem"
      style={
        Object {
          "left": NaN,
          "top": NaN,
        }
      }
      tabIndex="0"
    >
      <div
        className="loading"
      >
        <div
          className="loading-spinner fa-layers"
        >
          <svg
            aria-hidden="true"
            className="svg-inline--fa fa-circle-large-outline fa-w-16 text-white-50"
            data-icon="circle-large-outline"
            data-prefix="vs"
            focusable="false"
            role="img"
            style={Object {}}
            viewBox="0 0 512 512"
            xmlns="http://www.w3.org/2000/svg"
          >
            <path
              d="M306.816 70.88A185.856 185.856 0 0 0 256 64c-17.728 0 -34.624 2.336 -50.816 6.88l-0.192 0.064c-16.448 4.512 -31.68 10.944 -45.824 19.232A196.992 196.992 0 0 0 90.24 159.36l-0.064 0.128A190.944 190.944 0 0 0 70.72 205.12 191.552 191.552 0 0 0 64 256c0 17.76 2.24 34.72 6.72 50.912a193.6 193.6 0 0 0 49.536 84.832c11.84 11.68 24.768 21.664 38.912 30.08a195.2 195.2 0 0 0 45.92 19.488A192.64 192.64 0 0 0 256 448c17.76 0 34.72 -2.24 50.912 -6.72 16.48 -4.64 31.68 -11.136 45.632 -19.424l0.128 -0.064a197.12 197.12 0 0 0 69.152 -68.96 187.2 187.2 0 0 0 19.2 -45.824l0.096 -0.192A185.824 185.824 0 0 0 448 256c0 -17.728 -2.304 -34.624 -6.88 -50.816l-0.064 -0.192a184.704 184.704 0 0 0 -19.2 -45.536l-0.064 -0.128a188.8 188.8 0 0 0 -30.144 -38.72l-0.256 -0.256a188.864 188.864 0 0 0 -38.72 -30.144l-0.128 -0.064a184.704 184.704 0 0 0 -45.536 -19.2l-0.192 -0.064zm142.56 298.24a229.024 229.024 0 0 1 -80.512 80.256 222.912 222.912 0 0 1 -53.376 22.72A223.488 223.488 0 0 1 256 480a223.488 223.488 0 0 1 -59.52 -7.872 227.136 227.136 0 0 1 -53.568 -22.752 233.6 233.6 0 0 1 -45.28 -35.008 233.44 233.44 0 0 1 -35.008 -45.28 227.136 227.136 0 0 1 -22.72 -53.6A223.52 223.52 0 0 1 32 256c0 -20.576 2.624 -40.384 7.872 -59.52a222.976 222.976 0 0 1 22.752 -53.344 228.992 228.992 0 0 1 80.288 -80.512 220.64 220.64 0 0 1 53.6 -22.528A217.856 217.856 0 0 1 256 32a217.6 217.6 0 0 1 59.52 8.096 220.768 220.768 0 0 1 98.656 57.76 220.896 220.896 0 0 1 57.728 98.656C477.312 215.616 480 235.424 480 256s-2.688 40.384 -8.096 59.52a220.8 220.8 0 0 1 -22.528 53.568z"
              fill="currentColor"
              style={Object {}}
            />
          </svg>
          <svg
            aria-hidden="true"
            className="svg-inline--fa fa-loading fa-w-16 fa-spin text-primary"
            data-icon="loading"
            data-prefix="vs"
            focusable="false"
            role="img"
            style={Object {}}
            viewBox="0 0 512 512"
            xmlns="http://www.w3.org/2000/svg"
          >
            <path
              d="M445.344 224A192.064 192.064 0 0 0 66.656 224H34.272a224.064 224.064 0 0 1 443.456 0h-32.384z"
              fill="currentColor"
              style={Object {}}
            />
          </svg>
        </div>
      </div>
    </div>
  </div>
</div>
`;

exports[`renders without crashing 1`] = `
<div>
  <div
    className="context-menu-root"
  />
</div>
`;
