// Jest Snapshot v1, https://goo.gl/fbAQLP

exports[`createDefaultIrisGridTheme should derive the default Iris grid theme 1`] = `
{
  "activeCellSelectionBorderWidth": 2,
  "allowColumnReorder": true,
  "allowColumnResize": true,
  "allowRowReorder": true,
  "allowRowResize": false,
  "autoSelectColumn": false,
  "autoSelectRow": true,
  "autoSizeColumns": true,
  "autoSizeRows": true,
  "backgroundColor": "IrisGridTheme['grid-bg']",
  "black": "IrisGridTheme['black']",
  "cellHorizontalPadding": 5,
  "columnHeaderHeight": 30,
  "columnHoverBackgroundColor": null,
  "columnWidth": 100,
  "contextMenuReverseIconColor": "IrisGridTheme['context-menu-reverse-icon-color']",
  "contextMenuSortIconColor": "IrisGridTheme['context-menu-sort-icon-color']",
  "dataBarHorizontalPadding": 90,
  "dateColor": "IrisGridTheme['date-color']",
  "density": {
    "compact": {
      "cellHorizontalPadding": 5,
      "columnHeaderHeight": 26,
      "font": "11px Fira Sans, sans-serif",
      "headerHorizontalPadding": 10,
      "iconSize": 14,
      "minColumnWidth": 10,
      "rowHeight": 16,
    },
    "spacious": {
      "cellHorizontalPadding": 7,
      "headerHorizontalPadding": 15,
      "rowHeight": 28,
    },
  },
  "errorTextColor": "IrisGridTheme['error-text-color']",
  "filterBarActiveBackgroundColor": "IrisGridTheme['filter-bar-active-bg']",
  "filterBarActiveColor": "IrisGridTheme['filter-bar-active-color']",
  "filterBarCollapsedHeight": 5,
  "filterBarErrorColor": "IrisGridTheme['filter-bar-error-color']",
  "filterBarExpandedActiveBackgroundColor": "IrisGridTheme['filter-bar-expanded-active-bg']",
  "filterBarExpandedActiveCellBackgroundColor": "IrisGridTheme['filter-bar-expanded-active-cell-bg']",
  "filterBarExpandedBackgroundColor": "IrisGridTheme['filter-bar-expanded-bg']",
  "filterBarFont": "IrisGridTheme['font']",
  "filterBarHeight": 30,
  "filterBarHorizontalPadding": 4,
  "filterBarSeparatorColor": "IrisGridTheme['filter-bar-separator-color']",
  "filterIconColor": "IrisGridTheme['filter-icon-color']",
  "floatingDividerInnerColor": "IrisGridTheme['floating-divider-inner-color']",
  "floatingDividerOuterColor": "IrisGridTheme['floating-divider-outer-color']",
  "floatingGridColumnColor": null,
  "floatingGridRowColor": "IrisGridTheme['floating-grid-row-color']",
  "floatingRowBackgroundColors": "IrisGridTheme['floating-row-background-colors']",
  "font": "IrisGridTheme['font']",
  "gridColumnColor": null,
  "gridRowColor": null,
  "groupedColumnDividerColor": "IrisGridTheme['grouped-column-divider-color']",
  "headerBackgroundColor": "IrisGridTheme['header-bg']",
  "headerBarCasingColor": "IrisGridTheme['header-bar-casing-color']",
  "headerColor": "IrisGridTheme['header-color']",
  "headerFont": "IrisGridTheme['header-font']",
  "headerHiddenSeparatorHoverColor": "IrisGridTheme['header-hidden-separator-hover-color']",
  "headerHiddenSeparatorSize": 5,
  "headerHorizontalPadding": 12,
  "headerResizeHiddenSnapThreshold": 8,
  "headerResizeSnapThreshold": 10,
  "headerReverseBarColor": "IrisGridTheme['header-reverse-bar-color']",
  "headerSeparatorColor": "IrisGridTheme['header-separator-color']",
  "headerSeparatorHandleSize": 5,
  "headerSeparatorHoverColor": "IrisGridTheme['header-separator-hover-color']",
  "headerSortBarColor": "IrisGridTheme['header-sort-bar-color']",
  "hyperlinkColor": "IrisGridTheme['hyperlink-color']",
  "iconSize": 16,
  "linkerColumnHoverBackgroundColor": "IrisGridTheme['linker-column-hover-bg']",
  "markerBarColor": "IrisGridTheme['marker-bar-color']",
  "maxColumnWidth": 600,
  "maxDepth": 6,
  "maxScrimTransitionTime": 350,
  "minColumnWidth": 55,
  "minRowHeight": 20,
  "minScrimTransitionTime": 150,
  "minScrollHandleSize": 24,
  "negativeBarColor": "IrisGridTheme['negative-bar-color']",
  "negativeNumberColor": "IrisGridTheme['negative-number-color']",
  "nullStringColor": "IrisGridTheme['null-string-color']",
  "overflowButtonColor": "IrisGridTheme['overflow-button-color']",
  "overflowButtonHoverColor": "IrisGridTheme['overflow-button-hover-color']",
  "pendingTextColor": "IrisGridTheme['pending-text-color']",
  "positiveBarColor": "IrisGridTheme['positive-bar-color']",
  "positiveNumberColor": "IrisGridTheme['positive-number-color']",
  "reorderOffset": 2,
  "reverseHeaderBarHeight": 4,
  "rowBackgroundColors": "IrisGridTheme['row-background-colors']",
  "rowFooterWidth": 60,
  "rowHeaderWidth": 0,
  "rowHeight": 19,
  "rowHoverBackgroundColor": "IrisGridTheme['row-hover-bg']",
  "scrimBlurSize": 25,
  "scrimColor": "IrisGridTheme['scrim-color']",
  "scrollBarActiveColor": "IrisGridTheme['scroll-bar-active-color']",
  "scrollBarActiveSelectionTickColor": "IrisGridTheme['scroll-bar-active-selection-tick-color']",
  "scrollBarBackgroundColor": "IrisGridTheme['scroll-bar-bg']",
  "scrollBarCasingColor": "IrisGridTheme['scroll-bar-casing-color']",
  "scrollBarCasingWidth": 1,
  "scrollBarColor": "IrisGridTheme['scroll-bar-color']",
  "scrollBarCornerColor": "IrisGridTheme['scroll-bar-corner-color']",
  "scrollBarHoverBackgroundColor": "IrisGridTheme['scroll-bar-hover-bg']",
  "scrollBarHoverColor": "IrisGridTheme['scroll-bar-hover-color']",
  "scrollBarHoverSize": 16,
  "scrollBarSelectionTick": true,
  "scrollBarSelectionTickColor": "IrisGridTheme['selected-row-hover-bg']",
  "scrollBarSize": 13,
  "scrollSnapToColumn": false,
  "scrollSnapToRow": true,
  "selectedColumnHoverBackgroundColor": "#494949",
  "selectedRowHoverBackgroundColor": "IrisGridTheme['selected-row-hover-bg']",
  "selectionColor": "IrisGridTheme['selection-color']",
  "selectionOutlineCasingColor": "IrisGridTheme['selection-outline-casing-color']",
  "selectionOutlineColor": "IrisGridTheme['selection-outline-color']",
  "shadowAlpha": 0.15,
  "shadowBlur": 8,
  "shadowColor": "#000000",
  "sortHeaderBarHeight": 2,
  "textColor": "IrisGridTheme['text-color']",
  "treeDepthIndent": 10,
  "treeHorizontalPadding": 5,
  "treeLineColor": "IrisGridTheme['tree-line-color']",
  "treeMarkerColor": "IrisGridTheme['tree-marker-color']",
  "treeMarkerHoverColor": "IrisGridTheme['tree-marker-hover-color']",
  "white": "IrisGridTheme['white']",
  "zeroLineColor": "IrisGridTheme['zero-line-color']",
  "zeroNumberColor": "IrisGridTheme['zero-number-color']",
}
`;
