// Jest Snapshot v1, https://goo.gl/fbAQLP

exports[`themeDHDefault should merge Spectrum default with DH custom styles 1`] = `
{
  "dark": {
    "spectrum--darkest": "gP7gvq_spectrum--darkest",
    "theme-spectrum-alias": "theme-spectrum-alias",
    "theme-spectrum-palette": "theme-spectrum-palette",
  },
  "global": {
    "spectrum": "zA6MfG_spectrum",
    "spectrum--dark": "zA6MfG_spectrum--dark",
    "spectrum--darkest": "zA6MfG_spectrum--darkest",
    "spectrum--large": "zA6MfG_spectrum--large",
    "spectrum--light": "zA6MfG_spectrum--light",
    "spectrum--lightest": "zA6MfG_spectrum--lightest",
    "spectrum--medium": "zA6MfG_spectrum--medium",
  },
  "large": {
    "spectrum--large": "HAZavG_spectrum--large",
  },
  "light": {
    "spectrum--light": "PFjRbG_spectrum--light",
    "theme-spectrum-alias": "theme-spectrum-alias",
    "theme-spectrum-palette": "theme-spectrum-palette",
  },
  "medium": {
    "spectrum--medium": "xSyFOq_spectrum--medium",
  },
}
`;
